../Core/Src/main.c:170:6:SecondTask	136	static
../Core/Src/main.c:210:5:main	72	static
../Core/Src/main.c:312:6:SystemClock_Config	216	static
../Core/Src/main.c:391:13:MX_ADC3_Init	24	static
../Core/Src/main.c:441:13:MX_CAN1_Init	48	static
../Core/Src/main.c:509:6:HAL_CAN_RxFifo0MsgPendingCallback	48	static
../Core/Src/main.c:603:13:MX_CRC_Init	8	static
../Core/Src/main.c:634:13:MX_DCMI_Init	8	static
../Core/Src/main.c:671:13:MX_DMA2D_Init	8	static
../Core/Src/main.c:708:13:MX_LTDC_Init	64	static
../Core/Src/main.c:770:13:MX_QUADSPI_Init	8	static
../Core/Src/main.c:805:13:MX_RTC_Init	80	static
../Core/Src/main.c:898:13:MX_SAI2_Init	8	static
../Core/Src/main.c:973:13:MX_SDMMC1_SD_Init	4	static
../Core/Src/main.c:1001:13:MX_SPDIFRX_Init	8	static
../Core/Src/main.c:1037:13:MX_SPI2_Init	8	static
../Core/Src/main.c:1077:13:MX_TIM1_Init	112	static
../Core/Src/main.c:1157:13:MX_TIM2_Init	64	static
../Core/Src/main.c:1216:13:MX_TIM3_Init	64	static
../Core/Src/main.c:1275:13:MX_TIM5_Init	64	static
../Core/Src/main.c:1334:13:MX_TIM8_Init	40	static
../Core/Src/main.c:1381:13:MX_TIM12_Init	40	static
../Core/Src/main.c:1423:13:MX_USART1_UART_Init	8	static
../Core/Src/main.c:1458:13:MX_USART6_UART_Init	8	static
../Core/Src/main.c:1489:13:MX_FMC_Init	40	static
../Core/Src/main.c:1593:13:MX_GPIO_Init	72	static
../Core/Src/main.c:1798:6:StartDefaultTask	16	static
../Core/Src/main.c:1819:6:HAL_TIM_PeriodElapsedCallback	16	static
../Core/Src/main.c:1836:6:Error_Handler	4	static
