../Core/Src/main.c:171:6:SecondTask	136	static
../Core/Src/main.c:211:5:main	72	static
../Core/Src/main.c:313:6:SystemClock_Config	216	static
../Core/Src/main.c:392:13:MX_ADC3_Init	24	static
../Core/Src/main.c:442:13:MX_CAN1_Init	48	static
../Core/Src/main.c:510:6:HAL_CAN_RxFifo0MsgPendingCallback	48	static
../Core/Src/main.c:608:13:MX_CRC_Init	8	static
../Core/Src/main.c:639:13:MX_DCMI_Init	8	static
../Core/Src/main.c:676:13:MX_DMA2D_Init	8	static
../Core/Src/main.c:713:13:MX_LTDC_Init	64	static
../Core/Src/main.c:775:13:MX_QUADSPI_Init	8	static
../Core/Src/main.c:810:13:MX_RTC_Init	80	static
../Core/Src/main.c:903:13:MX_SAI2_Init	8	static
../Core/Src/main.c:978:13:MX_SDMMC1_SD_Init	4	static
../Core/Src/main.c:1006:13:MX_SPDIFRX_Init	8	static
../Core/Src/main.c:1042:13:MX_SPI2_Init	8	static
../Core/Src/main.c:1082:13:MX_TIM1_Init	112	static
../Core/Src/main.c:1162:13:MX_TIM2_Init	64	static
../Core/Src/main.c:1221:13:MX_TIM3_Init	64	static
../Core/Src/main.c:1280:13:MX_TIM5_Init	64	static
../Core/Src/main.c:1339:13:MX_TIM8_Init	40	static
../Core/Src/main.c:1386:13:MX_TIM12_Init	40	static
../Core/Src/main.c:1428:13:MX_USART1_UART_Init	8	static
../Core/Src/main.c:1463:13:MX_USART6_UART_Init	8	static
../Core/Src/main.c:1494:13:MX_FMC_Init	40	static
../Core/Src/main.c:1598:13:MX_GPIO_Init	72	static
../Core/Src/main.c:1803:6:StartDefaultTask	16	static
../Core/Src/main.c:1824:6:HAL_TIM_PeriodElapsedCallback	16	static
../Core/Src/main.c:1841:6:Error_Handler	4	static
